python : Python 
At line:8 char:1
+ python -m pytest tests/unit/ -v --tb=short 2>&1 | Tee-Object -FilePat ...
+ ~~~~~~~~~~~~~~~~~~~~~~~~~~~~~~~~~~~~~~~~~~~~~~~
    + CategoryInfo          : NotSpecified: (Python :String) [], RemoteException
    + FullyQualifiedErrorId : NativeCommandError
 
